src/app/admin/discounts/page.tsx(188,21): error TS2322: Type 'boolean | null' is not assignable to type 'null | undefined'.
  Type 'false' is not assignable to type 'null | undefined'.
src/app/admin/products/page.tsx(202,21): error TS2322: Type 'number | undefined' is not assignable to type 'undefined'.
  Type 'number' is not assignable to type 'undefined'.
src/app/admin/products/page.tsx(202,36): error TS2322: Type 'number | undefined' is not assignable to type 'undefined'.
  Type 'number' is not assignable to type 'undefined'.
src/app/admin/products/page.tsx(206,21): error TS2322: Type 'boolean | null' is not assignable to type 'null | undefined'.
  Type 'false' is not assignable to type 'null | undefined'.
src/app/admin/users/page.tsx(168,21): error TS2322: Type 'boolean | null' is not assignable to type 'null | undefined'.
  Type 'false' is not assignable to type 'null | undefined'.
